// Jest Snapshot v1, https://goo.gl/fbAQLP

exports[`DpContextualHelp should render the correct html 1`] = `"<dp-icon-stub icon="question" size="medium" aria-label="Kontexthilfe"></dp-icon-stub>"`;
